Archive member included to satisfy reference by file (symbol)

c:/mounriver/mounriver_studio/toolchain/risc-v embedded gcc/bin/../lib/gcc/riscv-none-embed/8.2.0/../../../../riscv-none-embed/lib/rv32imacxw/ilp32\libg_nano.a(lib_a-memcpy.o)
                              ./User/USB_Device/ch32v20x_usbfs_device.o (memcpy)
c:/mounriver/mounriver_studio/toolchain/risc-v embedded gcc/bin/../lib/gcc/riscv-none-embed/8.2.0/../../../../riscv-none-embed/lib/rv32imacxw/ilp32\libg_nano.a(lib_a-printf.o)
                              ./User/UART/UART.o (printf)
c:/mounriver/mounriver_studio/toolchain/risc-v embedded gcc/bin/../lib/gcc/riscv-none-embed/8.2.0/../../../../riscv-none-embed/lib/rv32imacxw/ilp32\libg_nano.a(lib_a-strlen.o)
                              ./User/USB_Device/usb_cdc_acm.o (strlen)
c:/mounriver/mounriver_studio/toolchain/risc-v embedded gcc/bin/../lib/gcc/riscv-none-embed/8.2.0/../../../../riscv-none-embed/lib/rv32imacxw/ilp32\libg_nano.a(lib_a-vsnprintf.o)
                              ./User/USB_Device/usb_cdc_acm.o (vsnprintf)
c:/mounriver/mounriver_studio/toolchain/risc-v embedded gcc/bin/../lib/gcc/riscv-none-embed/8.2.0/../../../../riscv-none-embed/lib/rv32imacxw/ilp32\libg_nano.a(lib_a-findfp.o)
                              c:/mounriver/mounriver_studio/toolchain/risc-v embedded gcc/bin/../lib/gcc/riscv-none-embed/8.2.0/../../../../riscv-none-embed/lib/rv32imacxw/ilp32\libg_nano.a(lib_a-printf.o) (__sinit)
c:/mounriver/mounriver_studio/toolchain/risc-v embedded gcc/bin/../lib/gcc/riscv-none-embed/8.2.0/../../../../riscv-none-embed/lib/rv32imacxw/ilp32\libg_nano.a(lib_a-fwalk.o)
                              c:/mounriver/mounriver_studio/toolchain/risc-v embedded gcc/bin/../lib/gcc/riscv-none-embed/8.2.0/../../../../riscv-none-embed/lib/rv32imacxw/ilp32\libg_nano.a(lib_a-findfp.o) (_fwalk)
c:/mounriver/mounriver_studio/toolchain/risc-v embedded gcc/bin/../lib/gcc/riscv-none-embed/8.2.0/../../../../riscv-none-embed/lib/rv32imacxw/ilp32\libg_nano.a(lib_a-impure.o)
                              c:/mounriver/mounriver_studio/toolchain/risc-v embedded gcc/bin/../lib/gcc/riscv-none-embed/8.2.0/../../../../riscv-none-embed/lib/rv32imacxw/ilp32\libg_nano.a(lib_a-findfp.o) (_global_impure_ptr)
c:/mounriver/mounriver_studio/toolchain/risc-v embedded gcc/bin/../lib/gcc/riscv-none-embed/8.2.0/../../../../riscv-none-embed/lib/rv32imacxw/ilp32\libg_nano.a(lib_a-memset.o)
                              c:/mounriver/mounriver_studio/toolchain/risc-v embedded gcc/bin/../lib/gcc/riscv-none-embed/8.2.0/../../../../riscv-none-embed/lib/rv32imacxw/ilp32\libg_nano.a(lib_a-findfp.o) (memset)
c:/mounriver/mounriver_studio/toolchain/risc-v embedded gcc/bin/../lib/gcc/riscv-none-embed/8.2.0/../../../../riscv-none-embed/lib/rv32imacxw/ilp32\libg_nano.a(lib_a-nano-mallocr.o)
                              c:/mounriver/mounriver_studio/toolchain/risc-v embedded gcc/bin/../lib/gcc/riscv-none-embed/8.2.0/../../../../riscv-none-embed/lib/rv32imacxw/ilp32\libg_nano.a(lib_a-findfp.o) (_malloc_r)
c:/mounriver/mounriver_studio/toolchain/risc-v embedded gcc/bin/../lib/gcc/riscv-none-embed/8.2.0/../../../../riscv-none-embed/lib/rv32imacxw/ilp32\libg_nano.a(lib_a-nano-svfprintf.o)
                              c:/mounriver/mounriver_studio/toolchain/risc-v embedded gcc/bin/../lib/gcc/riscv-none-embed/8.2.0/../../../../riscv-none-embed/lib/rv32imacxw/ilp32\libg_nano.a(lib_a-vsnprintf.o) (_svfprintf_r)
c:/mounriver/mounriver_studio/toolchain/risc-v embedded gcc/bin/../lib/gcc/riscv-none-embed/8.2.0/../../../../riscv-none-embed/lib/rv32imacxw/ilp32\libg_nano.a(lib_a-nano-vfprintf.o)
                              c:/mounriver/mounriver_studio/toolchain/risc-v embedded gcc/bin/../lib/gcc/riscv-none-embed/8.2.0/../../../../riscv-none-embed/lib/rv32imacxw/ilp32\libg_nano.a(lib_a-printf.o) (_vfprintf_r)
c:/mounriver/mounriver_studio/toolchain/risc-v embedded gcc/bin/../lib/gcc/riscv-none-embed/8.2.0/../../../../riscv-none-embed/lib/rv32imacxw/ilp32\libg_nano.a(lib_a-nano-vfprintf_i.o)
                              c:/mounriver/mounriver_studio/toolchain/risc-v embedded gcc/bin/../lib/gcc/riscv-none-embed/8.2.0/../../../../riscv-none-embed/lib/rv32imacxw/ilp32\libg_nano.a(lib_a-nano-svfprintf.o) (_printf_i)
c:/mounriver/mounriver_studio/toolchain/risc-v embedded gcc/bin/../lib/gcc/riscv-none-embed/8.2.0/../../../../riscv-none-embed/lib/rv32imacxw/ilp32\libg_nano.a(lib_a-sbrkr.o)
                              c:/mounriver/mounriver_studio/toolchain/risc-v embedded gcc/bin/../lib/gcc/riscv-none-embed/8.2.0/../../../../riscv-none-embed/lib/rv32imacxw/ilp32\libg_nano.a(lib_a-nano-mallocr.o) (_sbrk_r)
c:/mounriver/mounriver_studio/toolchain/risc-v embedded gcc/bin/../lib/gcc/riscv-none-embed/8.2.0/../../../../riscv-none-embed/lib/rv32imacxw/ilp32\libg_nano.a(lib_a-stdio.o)
[...]
Memory Configuration

Name             Origin             Length             Attributes
FLASH            0x0000000000000000 0x0000000000010000 xr
RAM              0x0000000020000000 0x0000000000005000 xrw
*default*        0x0000000000000000 0xffffffffffffffff

Linker script and memory map

LOAD ./User/USB_Device/ch32v20x_usbfs_device.o
LOAD ./User/USB_Device/usb_cdc_acm.o
LOAD ./User/USB_Device/usb_desc.o
LOAD ./User/UART/UART.o
LOAD ./User/ch32v20x_it.o
LOAD ./User/main.o
LOAD ./User/system_ch32v20x.o
LOAD ./Startup/startup_ch32v20x_D6.o
LOAD ./Peripheral/src/ch32v20x_adc.o
LOAD ./Peripheral/src/ch32v20x_bkp.o
LOAD ./Peripheral/src/ch32v20x_can.o
LOAD ./Peripheral/src/ch32v20x_crc.o
LOAD ./Peripheral/src/ch32v20x_dbgmcu.o
LOAD ./Peripheral/src/ch32v20x_dma.o
LOAD ./Peripheral/src/ch32v20x_exti.o
LOAD ./Peripheral/src/ch32v20x_flash.o
LOAD ./Peripheral/src/ch32v20x_gpio.o
LOAD ./Peripheral/src/ch32v20x_i2c.o
LOAD ./Peripheral/src/ch32v20x_iwdg.o
LOAD ./Peripheral/src/ch32v20x_misc.o
LOAD ./Peripheral/src/ch32v20x_opa.o
LOAD ./Peripheral/src/ch32v20x_pwr.o
LOAD ./Peripheral/src/ch32v20x_rcc.o
LOAD ./Peripheral/src/ch32v20x_rtc.o
LOAD ./Peripheral/src/ch32v20x_spi.o
LOAD ./Peripheral/src/ch32v20x_tim.o
LOAD ./Peripheral/src/ch32v20x_usart.o
LOAD ./Peripheral/src/ch32v20x_wwdg.o
LOAD ./Debug/debug.o
LOAD ./Core/core_riscv.o
LOAD c:/mounriver/mounriver_studio/toolchain/risc-v embedded gcc/bin/../lib/gcc/riscv-none-embed/8.2.0/rv32imacxw/ilp32\libgcc.a
LOAD c:/mounriver/mounriver_studio/toolchain/risc-v embedded gcc/bin/../lib/gcc/riscv-none-embed/8.2.0/../../../../riscv-none-embed/lib/rv32imacxw/ilp32\libg_nano.a
LOAD c:/mounriver/mounriver_studio/toolchain/risc-v embedded gcc/bin/../lib/gcc/riscv-none-embed/8.2.0/../../../../riscv-none-embed/lib/rv32imacxw/ilp32\libc_nano.a
LOAD c:/mounriver/mounriver_studio/toolchain/risc-v embedded gcc/bin/../lib/gcc/riscv-none-embed/8.2.0/rv32imacxw/ilp32\libgcc.a
START GROUP
LOAD c:/mounriver/mounriver_studio/toolchain/risc-v embedded gcc/bin/../lib/gcc/riscv-none-embed/8.2.0/rv32imacxw/ilp32\libgcc.a
LOAD c:/mounriver/mounriver_studio/toolchain/risc-v embedded gcc/bin/../lib/gcc/riscv-none-embed/8.2.0/../../../../riscv-none-embed/lib/rv32imacxw/ilp32\libc_nano.a
LOAD c:/mounriver/mounriver_studio/toolchain/risc-v embedded gcc/bin/../lib/gcc/riscv-none-embed/8.2.0/../../../../riscv-none-embed/lib/rv32imacxw/ilp32\libnosys.a
END GROUP
START GROUP
LOAD c:/mounriver/mounriver_studio/toolchain/risc-v embedded gcc/bin/../lib/gcc/riscv-none-embed/8.2.0/rv32imacxw/ilp32\libgcc.a
LOAD c:/mounriver/mounriver_studio/toolchain/risc-v embedded gcc/bin/../lib/gcc/riscv-none-embed/8.2.0/../../../../riscv-none-embed/lib/rv32imacxw/ilp32\libc_nano.a
LOAD c:/mounriver/mounriver_studio/toolchain/risc-v embedded gcc/bin/../lib/gcc/riscv-none-embed/8.2.0/../../../../riscv-none-embed/lib/rv32imacxw/ilp32\libnosys.a
END GROUP
                0x0000000000000800                __stack_size = 0x800
                [!provide]                        PROVIDE (_stack_size = __stack_size)

.init           0x0000000000000000        0x4
                0x0000000000000000                _sinit = .
                0x0000000000000000                . = ALIGN (0x4)
 *(SORT_NONE(.init))
 .init          0x0000000000000000        0x4 ./Startup/startup_ch32v20x_D6.o
                0x0000000000000000                _start
                0x0000000000000004                . = ALIGN (0x4)
                0x0000000000000004                _einit = .

.vector         0x0000000000000004       0xfc
 *(.vector)
 .vector        0x0000000000000004       0xfc ./Startup/startup_ch32v20x_D6.o
                0x0000000000000100                . = ALIGN (0x40)

.text           0x0000000000000100     0x27a4
                0x0000000000000100                . = ALIGN (0x4)
 *(.text)
 *(.text.*)
 .text.USBFS_RCC_Init
                0x0000000000000100       0x6c ./User/USB_Device/ch32v20x_usbfs_device.o
                0x0000000000000100                USBFS_RCC_Init
 .text.USBFS_Device_Endp_Init
                0x000000000000016c       0xb4 ./User/USB_Device/ch32v20x_usbfs_device.o
                0x000000000000016c                USBFS_Device_Endp_Init
 .text.USBFS_Device_Init
                0x0000000000000220       0xb8 ./User/USB_Device/ch32v20x_usbfs_device.o
                0x0000000000000220                USBFS_Device_Init
 .text.USBFS_Endp_DataUp
                0x00000000000002d8      0x204 ./User/USB_Device/ch32v20x_usbfs_device.o
                0x00000000000002d8                USBFS_Endp_DataUp
 .text.USBFS_IRQHandler
                0x00000000000004dc      0xc84 ./User/USB_Device/ch32v20x_usbfs_device.o
                0x00000000000004dc                USBFS_IRQHandler
 .text.USBprintf
                0x0000000000001160       0x72 ./User/USB_Device/usb_cdc_acm.o
                0x0000000000001160                USBprintf
 .text.usb_flush_write
                0x00000000000011d2       0x98 ./User/USB_Device/usb_cdc_acm.o
                0x00000000000011d2                usb_flush_write
 .text.RCC_Configuration
                0x000000000000126a       0x2e ./User/UART/UART.o
                0x000000000000126a                RCC_Configuration
 .text.UART2_ParaInit
                0x0000000000001298      0x10a ./User/UART/UART.o
                0x0000000000001298                UART2_ParaInit
 .text.NMI_Handler
                0x00000000000013a2        0x8 ./User/ch32v20x_it.o
                0x00000000000013a2                NMI_Handler
 .text.TIM2_IRQHandler
                0x00000000000013aa       0xb4 ./User/ch32v20x_it.o
                0x00000000000013aa                TIM2_IRQHandler
 .text.HardFault_Handler
                0x000000000000145e        0x8 ./User/ch32v20x_it.o
                0x000000000000145e                HardFault_Handler
 .text.GPIO_Toggle_INIT
                0x0000000000001466       0x42 ./User/main.o
                0x0000000000001466                GPIO_Toggle_INIT
 .text.main     0x00000000000014a8       0x5e ./User/main.o
                0x00000000000014a8                main
 .text.SystemInit
                0x0000000000001506       0x7c ./User/system_ch32v20x.o
                0x0000000000001506                SystemInit
 .text.SetSysClock
                0x0000000000001582       0x14 ./User/system_ch32v20x.o
 .text.SetSysClockTo96_HSE
                0x0000000000001596      0x114 ./User/system_ch32v20x.o
 .text.vector_handler
                0x00000000000016aa        0x2 ./Startup/startup_ch32v20x_D6.o
                0x00000000000016aa                EXTI2_IRQHandler
                0x00000000000016aa                TIM1_CC_IRQHandler
                0x00000000000016aa                SysTick_Handler
                0x00000000000016aa                PVD_IRQHandler
                0x00000000000016aa                EXTI3_IRQHandler
                0x00000000000016aa                EXTI0_IRQHandler
                0x00000000000016aa                I2C2_EV_IRQHandler
                0x00000000000016aa                ADC1_2_IRQHandler
                0x00000000000016aa                Break_Point_Handler
                0x00000000000016aa                SPI1_IRQHandler
                0x00000000000016aa                TAMPER_IRQHandler
                0x00000000000016aa                Ecall_M_Mode_Handler
                0x00000000000016aa                DMA1_Channel4_IRQHandler
                0x00000000000016aa                USART3_IRQHandler
                0x00000000000016aa                RTC_IRQHandler
                0x00000000000016aa                DMA1_Channel7_IRQHandler
                0x00000000000016aa                CAN1_RX1_IRQHandler
                0x00000000000016aa                TIM4_IRQHandler
                0x00000000000016aa                I2C1_EV_IRQHandler
                0x00000000000016aa                DMA1_Channel6_IRQHandler
                0x00000000000016aa                UART4_IRQHandler
                0x00000000000016aa                TIM3_IRQHandler
                0x00000000000016aa                RCC_IRQHandler
                0x00000000000016aa                TIM1_TRG_COM_IRQHandler
                0x00000000000016aa                DMA1_Channel1_IRQHandler
                0x00000000000016aa                EXTI15_10_IRQHandler
                0x00000000000016aa                DMA1_Channel8_IRQHandler
                0x00000000000016aa                EXTI9_5_IRQHandler
                0x00000000000016aa                SPI2_IRQHandler
                0x00000000000016aa                DMA1_Channel5_IRQHandler
                0x00000000000016aa                EXTI4_IRQHandler
                0x00000000000016aa                USB_LP_CAN1_RX0_IRQHandler
                0x00000000000016aa                USB_HP_CAN1_TX_IRQHandler
                0x00000000000016aa                DMA1_Channel3_IRQHandler
                0x00000000000016aa                TIM1_UP_IRQHandler
                0x00000000000016aa                WWDG_IRQHandler
                0x00000000000016aa                Ecall_U_Mode_Handler
                0x00000000000016aa                SW_Handler
                0x00000000000016aa                TIM1_BRK_IRQHandler
                0x00000000000016aa                EXTI1_IRQHandler
                0x00000000000016aa                RTCAlarm_IRQHandler
                0x00000000000016aa                USART2_IRQHandler
                0x00000000000016aa                I2C2_ER_IRQHandler
                0x00000000000016aa                DMA1_Channel2_IRQHandler
                0x00000000000016aa                CAN1_SCE_IRQHandler
                0x00000000000016aa                FLASH_IRQHandler
                0x00000000000016aa                USBFSWakeUp_IRQHandler
                0x00000000000016aa                USART1_IRQHandler
                0x00000000000016aa                I2C1_ER_IRQHandler
                0x00000000000016aa                USBWakeUp_IRQHandler
 .text.handle_reset
                0x00000000000016ac       0x86 ./Startup/startup_ch32v20x_D6.o
                0x00000000000016ac                handle_reset
 .text.GPIO_Init
                0x0000000000001732      0x260 ./Peripheral/src/ch32v20x_gpio.o
                0x0000000000001732                GPIO_Init
 .text.GPIO_WriteBit
                0x0000000000001992       0x54 ./Peripheral/src/ch32v20x_gpio.o
                0x0000000000001992                GPIO_WriteBit
 .text.RCC_USBCLKConfig
                0x00000000000019e6       0x3c ./Peripheral/src/ch32v20x_rcc.o
                0x00000000000019e6                RCC_USBCLKConfig
 .text.RCC_AHBPeriphClockCmd
                0x0000000000001a22       0x46 ./Peripheral/src/ch32v20x_rcc.o
                0x0000000000001a22                RCC_AHBPeriphClockCmd
 .text.RCC_APB2PeriphClockCmd
                0x0000000000001a68       0x46 ./Peripheral/src/ch32v20x_rcc.o
                0x0000000000001a68                RCC_APB2PeriphClockCmd
 .text.RCC_APB1PeriphClockCmd
                0x0000000000001aae       0x46 ./Peripheral/src/ch32v20x_rcc.o
                0x0000000000001aae                RCC_APB1PeriphClockCmd
 .text.Delay_Init
                0x0000000000001af4       0x46 ./Debug/debug.o
                0x0000000000001af4                Delay_Init
 .text.Delay_Us
                0x0000000000001b3a       0x84 ./Debug/debug.o
                0x0000000000001b3a                Delay_Us
 .text.Delay_Ms
                0x0000000000001bbe       0x84 ./Debug/debug.o
                0x0000000000001bbe                Delay_Ms
 .text._sbrk    0x0000000000001c42       0x6e ./Debug/debug.o
                0x0000000000001c42                _sbrk
 .text.memcpy   0x0000000000001cb0       0xb2 c:/mounriver/mounriver_studio/toolchain/risc-v embedded gcc/bin/../lib/gcc/riscv-none-embed/8.2.0/../../../../riscv-none-embed/lib/rv32imacxw/ilp32\libg_nano.a(lib_a-memcpy.o)
                0x0000000000001cb0                memcpy
 .text.strlen   0x0000000000001d62       0x12 c:/mounriver/mounriver_studio/toolchain/risc-v embedded gcc/bin/../lib/gcc/riscv-none-embed/8.2.0/../../../../riscv-none-embed/lib/rv32imacxw/ilp32\libg_nano.a(lib_a-strlen.o)
                0x0000000000001d62                strlen
 .text._vsnprintf_r
                0x0000000000001d74       0x5a c:/mounriver/mounriver_studio/toolchain/risc-v embedded gcc/bin/../lib/gcc/riscv-none-embed/8.2.0/../../../../riscv-none-embed/lib/rv32imacxw/ilp32\libg_nano.a(lib_a-vsnprintf.o)
                0x0000000000001d74                _vsniprintf_r
                0x0000000000001d74                _vsnprintf_r
 .text.vsnprintf
                0x0000000000001dce       0x10 c:/mounriver/mounriver_studio/toolchain/risc-v embedded gcc/bin/../lib/gcc/riscv-none-embed/8.2.0/../../../../riscv-none-embed/lib/rv32imacxw/ilp32\libg_nano.a(lib_a-vsnprintf.o)
                0x0000000000001dce                vsniprintf
                0x0000000000001dce                vsnprintf
 .text._malloc_r
                0x0000000000001dde       0xd4 c:/mounriver/mounriver_studio/toolchain/risc-v embedded gcc/bin/../lib/gcc/riscv-none-embed/8.2.0/../../../../riscv-none-embed/lib/rv32imacxw/ilp32\libg_nano.a(lib_a-nano-mallocr.o)
                0x0000000000001dde                _malloc_r
 .text.__ssputs_r
                0x0000000000001eb2       0xda c:/mounriver/mounriver_studio/toolchain/risc-v embedded gcc/bin/../lib/gcc/riscv-none-embed/8.2.0/../../../../riscv-none-embed/lib/rv32imacxw/ilp32\libg_nano.a(lib_a-nano-svfprintf.o)
                0x0000000000001eb2                __ssputs_r
 .text._svfprintf_r
                0x0000000000001f8c      0x260 c:/mounriver/mounriver_studio/toolchain/risc-v embedded gcc/bin/../lib/gcc/riscv-none-embed/8.2.0/../../../../riscv-none-embed/lib/rv32imacxw/ilp32\libg_nano.a(lib_a-nano-svfprintf.o)
                0x0000000000001f8c                _svfiprintf_r
                0x0000000000001f8c                _svfprintf_r
 .text._printf_common
                0x00000000000021ec      0x10c c:/mounriver/mounriver_studio/toolchain/risc-v embedded gcc/bin/../lib/gcc/riscv-none-embed/8.2.0/../../../../riscv-none-embed/lib/rv32imacxw/ilp32\libg_nano.a(lib_a-nano-vfprintf_i.o)
                0x00000000000021ec                _printf_common
 .text._printf_i
                0x00000000000022f8      0x2a0 c:/mounriver/mounriver_studio/toolchain/risc-v embedded gcc/bin/../lib/gcc/riscv-none-embed/8.2.0/../../../../riscv-none-embed/lib/rv32imacxw/ilp32\libg_nano.a(lib_a-nano-vfprintf_i.o)
                0x00000000000022f8                _printf_i
 .text._sbrk_r  0x0000000000002598       0x2a c:/mounriver/mounriver_studio/toolchain/risc-v embedded gcc/bin/../lib/gcc/riscv-none-embed/8.2.0/../../../../riscv-none-embed/lib/rv32imacxw/ilp32\libg_nano.a(lib_a-sbrkr.o)
                0x0000000000002598                _sbrk_r
 .text.memchr   0x00000000000025c2       0x18 c:/mounriver/mounriver_studio/toolchain/risc-v embedded gcc/bin/../lib/gcc/riscv-none-embed/8.2.0/../../../../riscv-none-embed/lib/rv32imacxw/ilp32\libg_nano.a(lib_a-memchr.o)
                0x00000000000025c2                memchr
 .text.memmove  0x00000000000025da       0x46 c:/mounriver/mounriver_studio/toolchain/risc-v embedded gcc/bin/../lib/gcc/riscv-none-embed/8.2.0/../../../../riscv-none-embed/lib/rv32imacxw/ilp32\libg_nano.a(lib_a-memmove.o)
                0x00000000000025da                memmove
 .text.__malloc_lock
                0x0000000000002620        0x2 c:/mounriver/mounriver_studio/toolchain/risc-v embedded gcc/bin/../lib/gcc/riscv-none-embed/8.2.0/../../../../riscv-none-embed/lib/rv32imacxw/ilp32\libg_nano.a(lib_a-mlock.o)
                0x0000000000002620                __malloc_lock
 .text.__malloc_unlock
                0x0000000000002622        0x2 c:/mounriver/mounriver_studio/toolchain/risc-v embedded gcc/bin/../lib/gcc/riscv-none-embed/8.2.0/../../../../riscv-none-embed/lib/rv32imacxw/ilp32\libg_nano.a(lib_a-mlock.o)
                0x0000000000002622                __malloc_unlock
 .text._free_r  0x0000000000002624       0xa4 c:/mounriver/mounriver_studio/toolchain/risc-v embedded gcc/bin/../lib/gcc/riscv-none-embed/8.2.0/../../../../riscv-none-embed/lib/rv32imacxw/ilp32\libg_nano.a(lib_a-nano-freer.o)
                0x0000000000002624                _free_r
 .text._realloc_r
                0x00000000000026c8       0x54 c:/mounriver/mounriver_studio/toolchain/risc-v embedded gcc/bin/../lib/gcc/riscv-none-embed/8.2.0/../../../../riscv-none-embed/lib/rv32imacxw/ilp32\libg_nano.a(lib_a-nano-reallocr.o)
                0x00000000000026c8                _realloc_r
 .text._malloc_usable_size_r
                0x000000000000271c       0x14 c:/mounriver/mounriver_studio/toolchain/risc-v embedded gcc/bin/../lib/gcc/riscv-none-embed/8.2.0/../../../../riscv-none-embed/lib/rv32imacxw/ilp32\libg_nano.a(lib_a-nano-msizer.o)
                0x000000000000271c                _malloc_usable_size_r
 *(.rodata)
 *fill*         0x0000000000002730        0x0 
 .rodata        0x0000000000002730        0xe ./User/main.o
 *(.rodata*)
 *fill*         0x000000000000273e        0x2 
 .rodata.USBFS_IRQHandler
                0x0000000000002740       0x30 ./User/USB_Device/ch32v20x_usbfs_device.o
 .rodata.MyDevDescr
                0x0000000000002770       0x12 ./User/USB_Device/usb_desc.o
                0x0000000000002770                MyDevDescr
 *fill*         0x0000000000002782        0x2 
 .rodata.MyCfgDescr
                0x0000000000002784       0x43 ./User/USB_Device/usb_desc.o
                0x0000000000002784                MyCfgDescr
 *fill*         0x00000000000027c7        0x1 
 .rodata.MyManuInfo
                0x00000000000027c8        0xe ./User/USB_Device/usb_desc.o
                0x00000000000027c8                MyManuInfo
 *fill*         0x00000000000027d6        0x2 
 .rodata.MyProdInfo
                0x00000000000027d8       0x16 ./User/USB_Device/usb_desc.o
                0x00000000000027d8                MyProdInfo
 *fill*         0x00000000000027ee        0x2 
 .rodata.MySerNumInfo
                0x00000000000027f0       0x16 ./User/USB_Device/usb_desc.o
                0x00000000000027f0                MySerNumInfo
 *fill*         0x0000000000002806        0x2 
 .rodata.__sf_fake_stderr
                0x0000000000002808       0x20 c:/mounriver/mounriver_studio/toolchain/risc-v embedded gcc/bin/../lib/gcc/riscv-none-embed/8.2.0/../../../../riscv-none-embed/lib/rv32imacxw/ilp32\libg_nano.a(lib_a-findfp.o)
                0x0000000000002808                __sf_fake_stderr
 .rodata.__sf_fake_stdin
                0x0000000000002828       0x20 c:/mounriver/mounriver_studio/toolchain/risc-v embedded gcc/bin/../lib/gcc/riscv-none-embed/8.2.0/../../../../riscv-none-embed/lib/rv32imacxw/ilp32\libg_nano.a(lib_a-findfp.o)
                0x0000000000002828                __sf_fake_stdin
 .rodata.__sf_fake_stdout
                0x0000000000002848       0x20 c:/mounriver/mounriver_studio/toolchain/risc-v embedded gcc/bin/../lib/gcc/riscv-none-embed/8.2.0/../../../../riscv-none-embed/lib/rv32imacxw/ilp32\libg_nano.a(lib_a-findfp.o)
                0x0000000000002848                __sf_fake_stdout
 .rodata._svfprintf_r.str1.4
                0x0000000000002868       0x13 c:/mounriver/mounriver_studio/toolchain/risc-v embedded gcc/bin/../lib/gcc/riscv-none-embed/8.2.0/../../../../riscv-none-embed/lib/rv32imacxw/ilp32\libg_nano.a(lib_a-nano-svfprintf.o)
 *fill*         0x000000000000287b        0x1 
 .rodata._printf_i.str1.4
                0x000000000000287c       0x28 c:/mounriver/mounriver_studio/toolchain/risc-v embedded gcc/bin/../lib/gcc/riscv-none-embed/8.2.0/../../../../riscv-none-embed/lib/rv32imacxw/ilp32\libg_nano.a(lib_a-nano-vfprintf_i.o)
                                         0x25 (size before relaxing)
 *(.gnu.linkonce.t.*)
                0x00000000000028a4                . = ALIGN (0x4)

.rela.dyn       0x00000000000028a4        0x0
 .rela.init     0x00000000000028a4        0x0 ./User/USB_Device/ch32v20x_usbfs_device.o
 .rela.vector   0x00000000000028a4        0x0 ./User/USB_Device/ch32v20x_usbfs_device.o
 .rela.text.handle_reset
                0x00000000000028a4        0x0 ./User/USB_Device/ch32v20x_usbfs_device.o
 .rela.sdata.curbrk.4673
                0x00000000000028a4        0x0 ./User/USB_Device/ch32v20x_usbfs_device.o
 .rela.text._sbrk
                0x00000000000028a4        0x0 ./User/USB_Device/ch32v20x_usbfs_device.o
 .rela.text._svfprintf_r
                0x00000000000028a4        0x0 ./User/USB_Device/ch32v20x_usbfs_device.o
 .rela.text._sbrk_r
                0x00000000000028a4        0x0 ./User/USB_Device/ch32v20x_usbfs_device.o

.fini           0x00000000000028a4        0x0
 *(SORT_NONE(.fini))
                0x00000000000028a4                . = ALIGN (0x4)
                [!provide]                        PROVIDE (_etext = .)
                [!provide]                        PROVIDE (_eitcm = .)

.preinit_array  0x00000000000028a4        0x0
                [!provide]                        PROVIDE (__preinit_array_start = .)
 *(.preinit_array)
                [!provide]                        PROVIDE (__preinit_array_end = .)

.init_array     0x00000000000028a4        0x0
                [!provide]                        PROVIDE (__init_array_start = .)
 *(SORT_BY_INIT_PRIORITY(.init_array.*) SORT_BY_INIT_PRIORITY(.ctors.*))
 *(.init_array EXCLUDE_FILE(*crtend?.o *crtend.o *crtbegin?.o *crtbegin.o) .ctors)
                [!provide]                        PROVIDE (__init_array_end = .)

.fini_array     0x00000000000028a4        0x0
                [!provide]                        PROVIDE (__fini_array_start = .)
 *(SORT_BY_INIT_PRIORITY(.fini_array.*) SORT_BY_INIT_PRIORITY(.dtors.*))
 *(.fini_array EXCLUDE_FILE(*crtend?.o *crtend.o *crtbegin?.o *crtbegin.o) .dtors)
                [!provide]                        PROVIDE (__fini_array_end = .)

.ctors
 *crtbegin.o(.ctors)
 *crtbegin?.o(.ctors)
 *(EXCLUDE_FILE(*crtend?.o *crtend.o) .ctors)
 *(SORT_BY_NAME(.ctors.*))
 *(.ctors)

.dtors
 *crtbegin.o(.dtors)
 *crtbegin?.o(.dtors)
 *(EXCLUDE_FILE(*crtend?.o *crtend.o) .dtors)
 *(SORT_BY_NAME(.dtors.*))
 *(.dtors)

.dalign         0x0000000020000000        0x0 load address 0x00000000000028a4
                0x0000000020000000                . = ALIGN (0x4)
                0x0000000020000000                PROVIDE (_data_vma = .)

.dlalign        0x00000000000028a4        0x0
                0x00000000000028a4                . = ALIGN (0x4)
                0x00000000000028a4                PROVIDE (_data_lma = .)

.data           0x0000000020000000       0x70 load address 0x00000000000028a4
 *(.gnu.linkonce.r.*)
 *(.data .data.*)
 .data.impure_data
                0x0000000020000000       0x60 c:/mounriver/mounriver_studio/toolchain/risc-v embedded gcc/bin/../lib/gcc/riscv-none-embed/8.2.0/../../../../riscv-none-embed/lib/rv32imacxw/ilp32\libg_nano.a(lib_a-impure.o)
 *(.gnu.linkonce.d.*)
                0x0000000020000060                . = ALIGN (0x8)
                0x0000000020000860                PROVIDE (__global_pointer$ = (. + 0x800))
 *(.sdata .sdata.*)
 .sdata.SystemCoreClock
                0x0000000020000060        0x4 ./User/system_ch32v20x.o
                0x0000000020000060                SystemCoreClock
 .sdata.curbrk.4673
                0x0000000020000064        0x4 ./Debug/debug.o
 .sdata._impure_ptr
                0x0000000020000068        0x4 c:/mounriver/mounriver_studio/toolchain/risc-v embedded gcc/bin/../lib/gcc/riscv-none-embed/8.2.0/../../../../riscv-none-embed/lib/rv32imacxw/ilp32\libg_nano.a(lib_a-impure.o)
                0x0000000020000068                _impure_ptr
 *(.sdata2.*)
 .sdata2.MyLangDescr
                0x000000002000006c        0x4 ./User/USB_Device/usb_desc.o
                0x000000002000006c                MyLangDescr
 *(.gnu.linkonce.s.*)
                0x0000000020000070                . = ALIGN (0x8)
 *(.srodata.cst16)
 *(.srodata.cst8)
 *(.srodata.cst4)
 *(.srodata.cst2)
 *(.srodata .srodata.*)
                0x0000000020000070                . = ALIGN (0x4)
                0x0000000020000070                PROVIDE (_edata = .)

.bss            0x0000000020000070      0x944 load address 0x0000000000002914
                0x0000000020000070                . = ALIGN (0x4)
                0x0000000020000070                PROVIDE (_sbss = .)
 *(.sbss*)
 .sbss.COM_Cfg  0x0000000020000070        0x8 ./User/USB_Device/ch32v20x_usbfs_device.o
                0x0000000020000070                COM_Cfg
 .sbss.pUSBFS_Descr
                0x0000000020000078        0x4 ./User/USB_Device/ch32v20x_usbfs_device.o
                0x0000000020000078                pUSBFS_Descr
 .sbss.USBFS_SetupReqCode
                0x000000002000007c        0x1 ./User/USB_Device/ch32v20x_usbfs_device.o
                0x000000002000007c                USBFS_SetupReqCode
 .sbss.USBFS_SetupReqType
                0x000000002000007d        0x1 ./User/USB_Device/ch32v20x_usbfs_device.o
                0x000000002000007d                USBFS_SetupReqType
 .sbss.USBFS_SetupReqValue
                0x000000002000007e        0x2 ./User/USB_Device/ch32v20x_usbfs_device.o
                0x000000002000007e                USBFS_SetupReqValue
 .sbss.USBFS_SetupReqIndex
                0x0000000020000080        0x2 ./User/USB_Device/ch32v20x_usbfs_device.o
                0x0000000020000080                USBFS_SetupReqIndex
 .sbss.USBFS_SetupReqLen
                0x0000000020000082        0x2 ./User/USB_Device/ch32v20x_usbfs_device.o
                0x0000000020000082                USBFS_SetupReqLen
 .sbss.USBFS_DevConfig
                0x0000000020000084        0x1 ./User/USB_Device/ch32v20x_usbfs_device.o
                0x0000000020000084                USBFS_DevConfig
 .sbss.USBFS_DevAddr
                0x0000000020000085        0x1 ./User/USB_Device/ch32v20x_usbfs_device.o
                0x0000000020000085                USBFS_DevAddr
 .sbss.USBFS_DevSleepStatus
                0x0000000020000086        0x1 ./User/USB_Device/ch32v20x_usbfs_device.o
                0x0000000020000086                USBFS_DevSleepStatus
 .sbss.USBFS_DevEnumStatus
                0x0000000020000087        0x1 ./User/USB_Device/ch32v20x_usbfs_device.o
                0x0000000020000087                USBFS_DevEnumStatus
 .sbss.USBFS_Endp_Busy
                0x0000000020000088        0x8 ./User/USB_Device/ch32v20x_usbfs_device.o
                0x0000000020000088                USBFS_Endp_Busy
 .sbss.UARTx_Rx_DMACurCount
                0x0000000020000090        0x4 ./User/UART/UART.o
                0x0000000020000090                UARTx_Rx_DMACurCount
 .sbss.UARTx_Rx_DMALastCount
                0x0000000020000094        0x4 ./User/UART/UART.o
                0x0000000020000094                UARTx_Rx_DMALastCount
 .sbss.tog.5044
                0x0000000020000098        0x1 ./User/ch32v20x_it.o
 .sbss.MCU_Version
                0x0000000020000099        0x1 ./Peripheral/src/ch32v20x_gpio.o
                0x0000000020000099                MCU_Version
 .sbss.p_us     0x000000002000009a        0x1 ./Debug/debug.o
 *fill*         0x000000002000009b        0x1 
 .sbss.p_ms     0x000000002000009c        0x2 ./Debug/debug.o
 *fill*         0x000000002000009e        0x2 
 .sbss.__malloc_free_list
                0x00000000200000a0        0x4 c:/mounriver/mounriver_studio/toolchain/risc-v embedded gcc/bin/../lib/gcc/riscv-none-embed/8.2.0/../../../../riscv-none-embed/lib/rv32imacxw/ilp32\libg_nano.a(lib_a-nano-mallocr.o)
                0x00000000200000a0                __malloc_free_list
 .sbss.__malloc_sbrk_start
                0x00000000200000a4        0x4 c:/mounriver/mounriver_studio/toolchain/risc-v embedded gcc/bin/../lib/gcc/riscv-none-embed/8.2.0/../../../../riscv-none-embed/lib/rv32imacxw/ilp32\libg_nano.a(lib_a-nano-mallocr.o)
                0x00000000200000a4                __malloc_sbrk_start
 *(.gnu.linkonce.sb.*)
 *(.bss*)
 .bss.USBFS_EP0_Buf
                0x00000000200000a8       0x40 ./User/USB_Device/ch32v20x_usbfs_device.o
                0x00000000200000a8                USBFS_EP0_Buf
 .bss.USBFS_EP1_Buf
                0x00000000200000e8       0x40 ./User/USB_Device/ch32v20x_usbfs_device.o
                0x00000000200000e8                USBFS_EP1_Buf
 .bss.USBFS_EP3_Buf
                0x0000000020000128       0x40 ./User/USB_Device/ch32v20x_usbfs_device.o
                0x0000000020000128                USBFS_EP3_Buf
 .bss.USBFS_RX  0x0000000020000168      0x400 ./User/USB_Device/ch32v20x_usbfs_device.o
                0x0000000020000168                USBFS_RX
 .bss.Uart      0x0000000020000568       0x46 ./User/UART/UART.o
                0x0000000020000568                Uart
 *fill*         0x00000000200005ae        0x2 
 .bss.UART2_Tx_Buf
                0x00000000200005b0      0x400 ./User/UART/UART.o
                0x00000000200005b0                UART2_Tx_Buf
 *(.gnu.linkonce.b.*)
 *(COMMON*)
 COMMON         0x00000000200009b0        0x4 c:/mounriver/mounriver_studio/toolchain/risc-v embedded gcc/bin/../lib/gcc/riscv-none-embed/8.2.0/../../../../riscv-none-embed/lib/rv32imacxw/ilp32\libg_nano.a(lib_a-reent.o)
                0x00000000200009b0                errno
                0x00000000200009b4                . = ALIGN (0x4)
                0x00000000200009b4                PROVIDE (_ebss = .)
                0x00000000200009b4                PROVIDE (_end = _ebss)
                [!provide]                        PROVIDE (end = .)

.stack          0x0000000020004800      0x800
                0x0000000020004800                PROVIDE (_heap_end = .)
                0x0000000020004800                . = ALIGN (0x4)
                [!provide]                        PROVIDE (_susrstack = .)
                0x0000000020005000                . = (. + __stack_size)
 *fill*         0x0000000020004800      0x800 
                0x0000000020005000                PROVIDE (_eusrstack = .)
OUTPUT(USB_Test.elf elf32-littleriscv)

.debug_info     0x0000000000000000     0xa905
 .debug_info    0x0000000000000000     0x182b ./User/USB_Device/ch32v20x_usbfs_device.o
 .debug_info    0x000000000000182b      0xd7a ./User/USB_Device/usb_cdc_acm.o
 .debug_info    0x00000000000025a5      0x9ff ./User/USB_Device/usb_desc.o
 .debug_info    0x0000000000002fa4     0x1e3f ./User/UART/UART.o
 .debug_info    0x0000000000004de3     0x10b1 ./User/ch32v20x_it.o
 .debug_info    0x0000000000005e94      0xe55 ./User/main.o
 .debug_info    0x0000000000006ce9      0xb67 ./User/system_ch32v20x.o
 .debug_info    0x0000000000007850       0x22 ./Startup/startup_ch32v20x_D6.o
 .debug_info    0x0000000000007872     0x103b ./Peripheral/src/ch32v20x_gpio.o
 .debug_info    0x00000000000088ad     0x1228 ./Peripheral/src/ch32v20x_rcc.o
 .debug_info    0x0000000000009ad5      0xe30 ./Debug/debug.o

.debug_abbrev   0x0000000000000000     0x1bb3
 .debug_abbrev  0x0000000000000000      0x366 ./User/USB_Device/ch32v20x_usbfs_device.o
 .debug_abbrev  0x0000000000000366      0x271 ./User/USB_Device/usb_cdc_acm.o
 .debug_abbrev  0x00000000000005d7      0x1c5 ./User/USB_Device/usb_desc.o
 .debug_abbrev  0x000000000000079c      0x3a6 ./User/UART/UART.o
 .debug_abbrev  0x0000000000000b42      0x248 ./User/ch32v20x_it.o
 .debug_abbrev  0x0000000000000d8a      0x276 ./User/main.o
 .debug_abbrev  0x0000000000001000      0x29e ./User/system_ch32v20x.o
 .debug_abbrev  0x000000000000129e       0x12 ./Startup/startup_ch32v20x_D6.o
 .debug_abbrev  0x00000000000012b0      0x326 ./Peripheral/src/ch32v20x_gpio.o
 .debug_abbrev  0x00000000000015d6      0x2fa ./Peripheral/src/ch32v20x_rcc.o
 .debug_abbrev  0x00000000000018d0      0x2e3 ./Debug/debug.o

.debug_aranges  0x0000000000000000      0x3d8
 .debug_aranges
                0x0000000000000000       0x48 ./User/USB_Device/ch32v20x_usbfs_device.o
 .debug_aranges
                0x0000000000000048       0x30 ./User/USB_Device/usb_cdc_acm.o
 .debug_aranges
                0x0000000000000078       0x18 ./User/USB_Device/usb_desc.o
 .debug_aranges
                0x0000000000000090       0x60 ./User/UART/UART.o
 .debug_aranges
                0x00000000000000f0       0x30 ./User/ch32v20x_it.o
 .debug_aranges
                0x0000000000000120       0x28 ./User/main.o
 .debug_aranges
                0x0000000000000148       0x38 ./User/system_ch32v20x.o
 .debug_aranges
                0x0000000000000180       0x30 ./Startup/startup_ch32v20x_D6.o
 .debug_aranges
                0x00000000000001b0       0xb0 ./Peripheral/src/ch32v20x_gpio.o
 .debug_aranges
                0x0000000000000260      0x128 ./Peripheral/src/ch32v20x_rcc.o
 .debug_aranges
                0x0000000000000388       0x50 ./Debug/debug.o

.debug_ranges   0x0000000000000000      0x328
 .debug_ranges  0x0000000000000000       0x38 ./User/USB_Device/ch32v20x_usbfs_device.o
 .debug_ranges  0x0000000000000038       0x20 ./User/USB_Device/usb_cdc_acm.o
 .debug_ranges  0x0000000000000058       0x50 ./User/UART/UART.o
 .debug_ranges  0x00000000000000a8       0x20 ./User/ch32v20x_it.o
 .debug_ranges  0x00000000000000c8       0x18 ./User/main.o
 .debug_ranges  0x00000000000000e0       0x28 ./User/system_ch32v20x.o
 .debug_ranges  0x0000000000000108       0x28 ./Startup/startup_ch32v20x_D6.o
 .debug_ranges  0x0000000000000130       0xa0 ./Peripheral/src/ch32v20x_gpio.o
 .debug_ranges  0x00000000000001d0      0x118 ./Peripheral/src/ch32v20x_rcc.o
 .debug_ranges  0x00000000000002e8       0x40 ./Debug/debug.o

.debug_line     0x0000000000000000     0x5e35
 .debug_line    0x0000000000000000     0x1532 ./User/USB_Device/ch32v20x_usbfs_device.o
 .debug_line    0x0000000000001532      0x3ae ./User/USB_Device/usb_cdc_acm.o
 .debug_line    0x00000000000018e0      0x20b ./User/USB_Device/usb_desc.o
 .debug_line    0x0000000000001aeb      0xeaa ./User/UART/UART.o
 .debug_line    0x0000000000002995      0x3d9 ./User/ch32v20x_it.o
 .debug_line    0x0000000000002d6e      0x456 ./User/main.o
 .debug_line    0x00000000000031c4      0x5f3 ./User/system_ch32v20x.o
 .debug_line    0x00000000000037b7      0x150 ./Startup/startup_ch32v20x_D6.o
 .debug_line    0x0000000000003907     0x10aa ./Peripheral/src/ch32v20x_gpio.o
 .debug_line    0x00000000000049b1      0xec3 ./Peripheral/src/ch32v20x_rcc.o
 .debug_line    0x0000000000005874      0x5c1 ./Debug/debug.o

.debug_str      0x0000000000000000     0x1f6f
 .debug_str     0x0000000000000000     0x1015 ./User/USB_Device/ch32v20x_usbfs_device.o
                                       0x10a9 (size before relaxing)
 .debug_str     0x0000000000001015       0x7c ./User/USB_Device/usb_cdc_acm.o
                                        0x902 (size before relaxing)
 .debug_str     0x0000000000001091       0x1e ./User/USB_Device/usb_desc.o
                                        0x5fd (size before relaxing)
 .debug_str     0x00000000000010af      0x560 ./User/UART/UART.o
                                       0x13d3 (size before relaxing)
 .debug_str     0x000000000000160f       0x44 ./User/ch32v20x_it.o
                                        0xa73 (size before relaxing)
 .debug_str     0x0000000000001653       0x37 ./User/main.o
                                        0x9f7 (size before relaxing)
 .debug_str     0x000000000000168a      0x10b ./User/system_ch32v20x.o
                                        0x6d2 (size before relaxing)
 .debug_str     0x0000000000001795       0x5c ./Startup/startup_ch32v20x_D6.o
                                         0x9e (size before relaxing)
 .debug_str     0x00000000000017f1      0x293 ./Peripheral/src/ch32v20x_gpio.o
                                        0x9c3 (size before relaxing)
 .debug_str     0x0000000000001a84      0x422 ./Peripheral/src/ch32v20x_rcc.o
                                        0xaf1 (size before relaxing)
 .debug_str     0x0000000000001ea6       0xc9 ./Debug/debug.o
                                        0x8ed (size before relaxing)

.comment        0x0000000000000000       0x33
 .comment       0x0000000000000000       0x33 ./User/USB_Device/ch32v20x_usbfs_device.o
                                         0x34 (size before relaxing)
 .comment       0x0000000000000033       0x34 ./User/USB_Device/usb_cdc_acm.o
 .comment       0x0000000000000033       0x34 ./User/USB_Device/usb_desc.o
 .comment       0x0000000000000033       0x34 ./User/UART/UART.o
 .comment       0x0000000000000033       0x34 ./User/ch32v20x_it.o
 .comment       0x0000000000000033       0x34 ./User/main.o
 .comment       0x0000000000000033       0x34 ./User/system_ch32v20x.o
 .comment       0x0000000000000033       0x34 ./Peripheral/src/ch32v20x_gpio.o
 .comment       0x0000000000000033       0x34 ./Peripheral/src/ch32v20x_rcc.o
 .comment       0x0000000000000033       0x34 ./Debug/debug.o

.debug_frame    0x0000000000000000     0x1128
 .debug_frame   0x0000000000000000       0xe4 ./User/USB_Device/ch32v20x_usbfs_device.o
 .debug_frame   0x00000000000000e4       0x80 ./User/USB_Device/usb_cdc_acm.o
 .debug_frame   0x0000000000000164      0x164 ./User/UART/UART.o
 .debug_frame   0x00000000000002c8       0x68 ./User/ch32v20x_it.o
 .debug_frame   0x0000000000000330       0x50 ./User/main.o
 .debug_frame   0x0000000000000380       0xa0 ./User/system_ch32v20x.o
 .debug_frame   0x0000000000000420      0x288 ./Peripheral/src/ch32v20x_gpio.o
 .debug_frame   0x00000000000006a8      0x458 ./Peripheral/src/ch32v20x_rcc.o
 .debug_frame   0x0000000000000b00       0xfc ./Debug/debug.o
 .debug_frame   0x0000000000000bfc       0x20 c:/mounriver/mounriver_studio/toolchain/risc-v embedded gcc/bin/../lib/gcc/riscv-none-embed/8.2.0/../../../../riscv-none-embed/lib/rv32imacxw/ilp32\libg_nano.a(lib_a-memcpy.o)
 .debug_frame   0x0000000000000c1c       0x20 c:/mounriver/mounriver_studio/toolchain/risc-v embedded gcc/bin/../lib/gcc/riscv-none-embed/8.2.0/../../../../riscv-none-embed/lib/rv32imacxw/ilp32\libg_nano.a(lib_a-strlen.o)
 .debug_frame   0x0000000000000c3c       0x48 c:/mounriver/mounriver_studio/toolchain/risc-v embedded gcc/bin/../lib/gcc/riscv-none-embed/8.2.0/../../../../riscv-none-embed/lib/rv32imacxw/ilp32\libg_nano.a(lib_a-vsnprintf.o)
 .debug_frame   0x0000000000000c84      0x148 c:/mounriver/mounriver_studio/toolchain/risc-v embedded gcc/bin/../lib/gcc/riscv-none-embed/8.2.0/../../../../riscv-none-embed/lib/rv32imacxw/ilp32\libg_nano.a(lib_a-findfp.o)
 .debug_frame   0x0000000000000dcc       0x40 c:/mounriver/mounriver_studio/toolchain/risc-v embedded gcc/bin/../lib/gcc/riscv-none-embed/8.2.0/../../../../riscv-none-embed/lib/rv32imacxw/ilp32\libg_nano.a(lib_a-nano-mallocr.o)
 .debug_frame   0x0000000000000e0c       0xe0 c:/mounriver/mounriver_studio/toolchain/risc-v embedded gcc/bin/../lib/gcc/riscv-none-embed/8.2.0/../../../../riscv-none-embed/lib/rv32imacxw/ilp32\libg_nano.a(lib_a-nano-svfprintf.o)
 .debug_frame   0x0000000000000eec       0x8c c:/mounriver/mounriver_studio/toolchain/risc-v embedded gcc/bin/../lib/gcc/riscv-none-embed/8.2.0/../../../../riscv-none-embed/lib/rv32imacxw/ilp32\libg_nano.a(lib_a-nano-vfprintf_i.o)
 .debug_frame   0x0000000000000f78       0x30 c:/mounriver/mounriver_studio/toolchain/risc-v embedded gcc/bin/../lib/gcc/riscv-none-embed/8.2.0/../../../../riscv-none-embed/lib/rv32imacxw/ilp32\libg_nano.a(lib_a-sbrkr.o)
 .debug_frame   0x0000000000000fa8       0x20 c:/mounriver/mounriver_studio/toolchain/risc-v embedded gcc/bin/../lib/gcc/riscv-none-embed/8.2.0/../../../../riscv-none-embed/lib/rv32imacxw/ilp32\libg_nano.a(lib_a-memchr.o)
 .debug_frame   0x0000000000000fc8       0x20 c:/mounriver/mounriver_studio/toolchain/risc-v embedded gcc/bin/../lib/gcc/riscv-none-embed/8.2.0/../../../../riscv-none-embed/lib/rv32imacxw/ilp32\libg_nano.a(lib_a-memmove.o)
 .debug_frame   0x0000000000000fe8       0x30 c:/mounriver/mounriver_studio/toolchain/risc-v embedded gcc/bin/../lib/gcc/riscv-none-embed/8.2.0/../../../../riscv-none-embed/lib/rv32imacxw/ilp32\libg_nano.a(lib_a-mlock.o)
 .debug_frame   0x0000000000001018       0x40 c:/mounriver/mounriver_studio/toolchain/risc-v embedded gcc/bin/../lib/gcc/riscv-none-embed/8.2.0/../../../../riscv-none-embed/lib/rv32imacxw/ilp32\libg_nano.a(lib_a-nano-freer.o)
 .debug_frame   0x0000000000001058       0x40 c:/mounriver/mounriver_studio/toolchain/risc-v embedded gcc/bin/../lib/gcc/riscv-none-embed/8.2.0/../../../../riscv-none-embed/lib/rv32imacxw/ilp32\libg_nano.a(lib_a-nano-reallocr.o)
 .debug_frame   0x0000000000001098       0x70 c:/mounriver/mounriver_studio/toolchain/risc-v embedded gcc/bin/../lib/gcc/riscv-none-embed/8.2.0/../../../../riscv-none-embed/lib/rv32imacxw/ilp32\libg_nano.a(lib_a-reent.o)
 .debug_frame   0x0000000000001108       0x20 c:/mounriver/mounriver_studio/toolchain/risc-v embedded gcc/bin/../lib/gcc/riscv-none-embed/8.2.0/../../../../riscv-none-embed/lib/rv32imacxw/ilp32\libg_nano.a(lib_a-nano-msizer.o)

.stabstr        0x0000000000000000      0x117
 .stabstr       0x0000000000000000      0x117 c:/mounriver/mounriver_studio/toolchain/risc-v embedded gcc/bin/../lib/gcc/riscv-none-embed/8.2.0/../../../../riscv-none-embed/lib/rv32imacxw/ilp32\libnosys.a(close.o)
